// Jest Snapshot v1, https://goo.gl/fbAQLP

exports[`matches snapshot 1`] = `
<DocumentFragment>
  <div
    style="float: left; display: inline; margin: 10px;"
  >
    <div
      data-testid="box"
    />
    <button>
      X
    </button>
  </div>
</DocumentFragment>
`;
