// Jest Snapshot v1, https://goo.gl/fbAQLP

exports[`matches snapshot 1`] = `
<DocumentFragment>
  <div>
    <form>
      <label
        for="width"
      >
        Width
      </label>
      <span>
        (50)
      </span>
      <input
        id="width"
        max="500"
        min="10"
        name="width"
        type="range"
        value="50"
      />
      <label
        for="height"
      >
        Height
      </label>
      <span>
        (50)
      </span>
      <input
        id="height"
        max="500"
        min="10"
        name="height"
        type="range"
        value="50"
      />
      <label
        for="backgroundColor"
      >
        Background Color
      </label>
      <input
        id="backgroundColor"
        name="backgroundColor"
        type="text"
        value=""
      />
      <button>
        Add Box
      </button>
    </form>
    <div />
  </div>
</DocumentFragment>
`;
